// Jest Snapshot v1, https://goo.gl/fbAQLP

exports[`MentionsInput custom cut/copy/paste should remove a leading mention from the value when the text is cut. 1`] = `"Hi et's add @[Second](second) to the conversation."`;

exports[`MentionsInput custom cut/copy/paste should remove a leading mention from the value when the text is cut. 2`] = `"Hi et's add Second to the conversation."`;

exports[`MentionsInput custom cut/copy/paste should remove a trailing mention from the value when the text is cut. 1`] = `"Hi @[First](first) to the conversation."`;

exports[`MentionsInput custom cut/copy/paste should remove a trailing mention from the value when the text is cut. 2`] = `"Hi First to the conversation."`;
